// Jest Snapshot v1, https://goo.gl/fbAQLP

exports[`should render ExpenseListItem with expense 1`] = `
<div>
  <Link
    replace={false}
    to="/edit/1"
  >
    new expense
  </Link>
  <p>
    $0.00
  </p>
  <p>
    1st January 1970
  </p>
</div>
`;
