// Jest Snapshot v1, https://goo.gl/fbAQLP

exports[`should render ExpenseList with empty expenses 1`] = `
<div>
  <p>
    No expenses
  </p>
</div>
`;

exports[`should render ExpenseList with expenses 1`] = `
<div>
  <ExpenseListItem
    amount={0}
    createdAt={0}
    description="new expense"
    id="1"
    key="1"
    note=""
  />
  <ExpenseListItem
    amount={109952}
    createdAt={-345600000}
    description="new expense2"
    id="2"
    key="2"
    note=""
  />
  <ExpenseListItem
    amount={500}
    createdAt={345600000}
    description="new expense3"
    id="3"
    key="3"
    note=""
  />
</div>
`;
